2026-02-28 14:15:13 [INFO] calculate_co2 - Starting route environmental impact calculation
2026-02-28 14:15:13 [INFO] calculate_co2 - Loading CO2 emission factors from data/transformed/emissions_reference.csv
2026-02-28 14:15:13 [INFO] calculate_co2 - Emission factors loaded — Train: 14 | Plane: 144 | Car: 132 gCO2/pkm
2026-02-28 14:15:13 [INFO] calculate_co2 - Loaded 4067 routes from data/transformed/all_routes_cleaned.csv
2026-02-28 14:15:13 [INFO] calculate_co2 - Calculating environmental impact for 4067 routes
2026-02-28 14:15:13 [INFO] calculate_co2 - Emissions calculated — total CO2 savings: 51,279.20 kg (51.28 t)
2026-02-28 14:15:13 [INFO] calculate_co2 - Saved: data/transformed/environmental_impact.csv
2026-02-28 14:15:13 [INFO] calculate_co2 - Summary — 4067 routes | total savings: 51,279.20 kg | avg per route: 12.61 kg
2026-02-28 14:15:13 [INFO] calculate_co2 - Top 10 routes by CO2 savings:
                 origin             destination origin_country destination_country  distance_km  co2_savings_kg
                 Modane                 Brest F             CH                  CH       918.28          119.37
         Bruxelles Midi               Perpignan             FR                  FR       911.84          118.53
                Brest F     Bourg Saint Maurice             CH                  CH       906.02          117.79
                Quimper                  Modane             CH                  CH       877.61          114.09
                Quimper              Strasbourg             CH                  CH       876.62          113.96
   Berlin Gesundbrunnen               Paris Est             FR                  FR       876.29          113.92
                Quimper     Bourg Saint Maurice             CH                  CH       867.14          112.73
         Bruxelles Midi Marseille Saint Charles             FR                  FR       841.37          109.38
Marseille Saint Charles               Tourcoing             FR                  FR       841.20          109.35
           Lille Europe Marseille Saint Charles             CH                  CH       834.10          108.43
2026-02-28 14:15:13 [INFO] calculate_co2 - CO2 savings by country:
                route_count  co2_savings_tons
origin_country                               
FR                     1806             23.59
CH                     2059             19.73
DE                       97              5.74
AT                       85              1.12
NL                        8              0.49
HU                        4              0.29
BE                        7              0.27
GB                        1              0.05
2026-02-28 14:15:13 [INFO] calculate_co2 - CO2 savings by train type:
       route_count  co2_savings_tons
type                                
day           1366             22.30
night         2701             28.98
2026-02-28 14:15:13 [INFO] calculate_co2 - Environmental impact calculation complete
