2026-02-28 14:09:23 [INFO] emissions - Starting Back-on-Track data extraction
2026-02-28 14:09:23 [INFO] emissions - Found input file: data/raw/co2/Emissions.ods
2026-02-28 14:09:23 [INFO] emissions - Extracting CO2 emissions by transport mode
2026-02-28 14:09:37 [INFO] emissions - Extracted 6 transport modes
2026-02-28 14:09:37 [INFO] emissions - Saved: data/transformed/emissions_reference.csv
2026-02-28 14:09:37 [INFO] emissions - Creating summary statistics
2026-02-28 14:09:37 [INFO] emissions - Summary statistics created for 6 transport modes
2026-02-28 14:09:37 [INFO] emissions - Saved: data/transformed/emissions_summary.csv
2026-02-28 14:09:37 [INFO] emissions - Extracting flight routes sample (n=50)
2026-02-28 14:09:56 [WARNING] emissions - Could not extract flight routes: "None of [Index(['1stCity', '2ndCity', 'PAX', 'Distance', 'TrainTime',\n       'AviationEmissions', 'NightTrain'],\n      dtype='str')] are in the [columns]" — skipping
2026-02-28 14:09:56 [INFO] emissions - Night Train: 14 gCO2/pkm | Airplane: 144 gCO2/pkm | Savings: 90.3%
2026-02-28 14:09:56 [INFO] emissions - Back-on-Track extraction complete
2026-02-28 14:14:02 [INFO] emissions - Starting Back-on-Track data extraction
2026-02-28 14:14:02 [INFO] emissions - Found input file: data/raw/co2/Emissions.ods
2026-02-28 14:14:02 [INFO] emissions - Extracting CO2 emissions by transport mode
2026-02-28 14:14:16 [INFO] emissions - Extracted 6 transport modes
2026-02-28 14:14:16 [INFO] emissions - Saved: data/transformed/emissions_reference.csv
2026-02-28 14:14:16 [INFO] emissions - Creating summary statistics
2026-02-28 14:14:16 [INFO] emissions - Summary statistics created for 6 transport modes
2026-02-28 14:14:16 [INFO] emissions - Saved: data/transformed/emissions_summary.csv
2026-02-28 14:14:16 [INFO] emissions - Extracting flight routes sample (n=50)
2026-02-28 14:14:31 [WARNING] emissions - Could not extract flight routes: "None of [Index(['1stCity', '2ndCity', 'PAX', 'Distance', 'TrainTime',\n       'AviationEmissions', 'NightTrain'],\n      dtype='str')] are in the [columns]" — skipping
2026-02-28 14:14:31 [INFO] emissions - Night Train: 14 gCO2/pkm | Airplane: 144 gCO2/pkm | Savings: 90.3%
2026-02-28 14:14:31 [INFO] emissions - Back-on-Track extraction complete
