2026-02-28 14:25:43 [INFO] pipeline - ObRail Europe ETL pipeline started at 2026-02-28 14:25:43
2026-02-28 14:25:43 [INFO] pipeline - === PHASE 1: EXTRACT ===
2026-02-28 14:25:43 [INFO] pipeline - Starting phase: Night routes extraction
2026-02-28 14:25:49 [INFO] night_trains - Starting GTFS Night Routes Extraction with PySpark
2026-02-28 14:24:57 [INFO] night_trains - Processing folder: data/raw/night/Switzerland/
2026-02-28 14:25:49 [INFO] night_trains - Extracted 110234 routes from data/raw/night/Switzerland/
2026-02-28 14:25:49 [INFO] night_trains - Processing folder: data/raw/night/long_distance/
2026-02-28 14:25:59 [WARNING] night_trains - 4285 routes with unresolved country in data/raw/night/long_distance/
2026-02-28 14:26:05 [INFO] night_trains - Extracted 6063 routes from data/raw/night/long_distance/
2026-02-28 14:26:05 [INFO] night_trains - Processing folder: data/raw/night/sncf-data/
2026-02-28 14:26:31 [INFO] night_trains - Extracted 51977 routes from data/raw/night/sncf-data/
2026-02-28 14:26:31 [INFO] night_trains - Processing folder: data/raw/night/open_data/
2026-02-28 14:28:11 [WARNING] night_trains - 12647 routes with unresolved country in data/raw/night/open_data/
2026-02-28 14:26:43 [INFO] night_trains - Extracted 15165 routes from data/raw/night/open_data/
2026-02-28 14:26:43 [INFO] night_trains - Processing folder: data/raw/night/long_distance_rail/
2026-02-28 14:26:50 [WARNING] night_trains - 2692 routes with unresolved country in data/raw/night/long_distance_rail/
2026-02-28 14:26:55 [INFO] night_trains - Extracted 4178 routes from data/raw/night/long_distance_rail/
2026-02-28 14:27:13 [INFO] night_trains - Combined routes before deduplication: 187617
2026-02-28 14:27:32 [INFO] night_trains - Final routes after deduplication: 4370
2026-02-28 14:28:03 [INFO] night_trains - Night routes CSV saved: data/extracted/night_routes.csv (4370 routes)
2026-02-28 14:28:38 [INFO] night_trains - Spark session finished
2026-02-28 14:28:38 [INFO] pipeline - Phase complete: Night routes extraction (174.84s)
2026-02-28 14:28:38 [INFO] pipeline - Starting phase: Day routes extraction
2026-02-28 14:28:38 [INFO] day_trains - Starting GTFS Day Routes Extraction with PySpark
2026-02-28 14:28:39 [INFO] day_trains - Processing folder: data/raw/day/Denmark/
2026-02-28 14:28:40 [WARNING] day_trains - Skipping data/raw/day/Denmark/ — no stop_times.txt and no start/end stop columns in trips.txt
2026-02-28 14:28:40 [WARNING] day_trains - No routes extracted from data/raw/day/Denmark/
2026-02-28 14:28:40 [INFO] day_trains - Processing folder: data/raw/day/Eurostar_international/
2026-02-28 14:28:53 [INFO] day_trains - Extracted 10289 routes from data/raw/day/Eurostar_international/
2026-02-28 14:28:53 [INFO] day_trains - Processing folder: data/raw/day/France/
2026-02-28 14:29:04 [INFO] day_trains - Extracted 41264 routes from data/raw/day/France/
2026-02-28 14:29:04 [INFO] day_trains - Processing folder: data/raw/day/Germany/
2026-02-28 14:29:05 [WARNING] day_trains - Skipping data/raw/day/Germany/ — no stop_times.txt and no start/end stop columns in trips.txt
2026-02-28 14:29:05 [WARNING] day_trains - No routes extracted from data/raw/day/Germany/
2026-02-28 14:29:05 [INFO] day_trains - Processing folder: data/raw/day/Switzerland/
2026-02-28 14:29:21 [INFO] day_trains - Extracted 110234 routes from data/raw/day/Switzerland/
2026-02-28 14:29:33 [INFO] day_trains - Combined routes before deduplication: 161787
2026-02-28 14:29:48 [INFO] day_trains - Final routes after deduplication: 3439
2026-02-28 14:30:06 [INFO] day_trains - Day routes CSV saved: data/extracted/day_routes.csv (3439 routes)
2026-02-28 14:30:34 [INFO] day_trains - Spark session finished
2026-02-28 14:30:34 [INFO] pipeline - Phase complete: Day routes extraction (115.88s)
2026-02-28 14:30:34 [INFO] pipeline - === PHASE 2: CO2 REFERENCE ===
2026-02-28 14:30:34 [INFO] pipeline - Starting phase: CO2 reference extraction
2026-02-28 14:30:34 [INFO] emissions - Starting Back-on-Track data extraction
2026-02-28 14:30:34 [INFO] emissions - Found input file: data/raw/co2/Emissions.ods
2026-02-28 14:30:34 [INFO] emissions - Extracting CO2 emissions by transport mode
2026-02-28 14:30:53 [INFO] emissions - Extracted 6 transport modes
2026-02-28 14:30:53 [INFO] emissions - Saved: data/transformed/emissions_reference.csv
2026-02-28 14:30:53 [INFO] emissions - Creating summary statistics
2026-02-28 14:30:53 [INFO] emissions - Summary statistics created for 6 transport modes
2026-02-28 14:30:53 [INFO] emissions - Saved: data/transformed/emissions_summary.csv
2026-02-28 14:30:53 [INFO] emissions - Extracting flight routes sample (n=50)
2026-02-28 14:31:12 [WARNING] emissions - Could not extract flight routes: "None of [Index(['1stCity', '2ndCity', 'PAX', 'Distance', 'TrainTime',\n       'AviationEmissions', 'NightTrain'],\n      dtype='str')] are in the [columns]" — skipping
2026-02-28 14:31:12 [INFO] emissions - Night Train: 14 gCO2/pkm | Airplane: 144 gCO2/pkm | Savings: 90.3%
2026-02-28 14:31:12 [INFO] emissions - Back-on-Track extraction complete
2026-02-28 14:31:12 [INFO] pipeline - Phase complete: CO2 reference extraction (37.47s)
2026-02-28 14:31:12 [INFO] pipeline - === PHASE 3: TRANSFORM ===
2026-02-28 14:31:12 [INFO] pipeline - Starting phase: Routes cleaning and transformation
2026-02-28 14:31:12 [INFO] clean_routes - Starting transformation phase — cleaning and standardizing routes
2026-02-28 14:31:12 [INFO] clean_routes - Processing night routes
2026-02-28 14:31:14 [INFO] clean_routes - Night routes after filtering nulls: 2717
2026-02-28 14:31:21 [INFO] clean_routes - Saved: data/transformed/night_routes_cleaned.csv
2026-02-28 14:31:21 [INFO] clean_routes - Processing day routes
2026-02-28 14:31:23 [INFO] clean_routes - Day routes after filtering nulls: 3439
2026-02-28 14:31:25 [INFO] clean_routes - Saved: data/transformed/day_routes_cleaned.csv
2026-02-28 14:31:25 [INFO] clean_routes - Creating combined dataset
2026-02-28 14:31:26 [INFO] clean_routes - Combined routes before deduplication: 6156
2026-02-28 14:31:28 [INFO] clean_routes - After deduplication: 4067 routes (2089 duplicates removed)
2026-02-28 14:31:31 [INFO] clean_routes - Saved: data/transformed/all_routes_cleaned.csv
2026-02-28 14:31:31 [INFO] clean_routes - Route type breakdown:
2026-02-28 14:31:35 [INFO] clean_routes - Transformation phase complete
2026-02-28 14:31:35 [INFO] pipeline - Phase complete: Routes cleaning and transformation (23.11s)
2026-02-28 14:31:35 [INFO] pipeline - === PHASE 4: ENVIRONMENTAL IMPACT ===
2026-02-28 14:31:35 [INFO] pipeline - Starting phase: Environmental impact calculation
2026-02-28 14:31:35 [INFO] calculate_co2 - Starting route environmental impact calculation
2026-02-28 14:31:35 [INFO] calculate_co2 - Loading CO2 emission factors from data/transformed/emissions_reference.csv
2026-02-28 14:31:35 [INFO] calculate_co2 - Emission factors loaded — Train: 14 | Plane: 144 | Car: 132 gCO2/pkm
2026-02-28 14:31:35 [INFO] calculate_co2 - Loaded 4067 routes from data/transformed/all_routes_cleaned.csv
2026-02-28 14:31:35 [INFO] calculate_co2 - Calculating environmental impact for 4067 routes
2026-02-28 14:31:35 [INFO] calculate_co2 - Emissions calculated — total CO2 savings: 51,279.20 kg (51.28 t)
2026-02-28 14:31:35 [INFO] calculate_co2 - Saved: data/transformed/environmental_impact.csv
2026-02-28 14:31:35 [INFO] calculate_co2 - Summary — 4067 routes | total savings: 51,279.20 kg | avg per route: 12.61 kg
2026-02-28 14:31:35 [INFO] calculate_co2 - Top 10 routes by CO2 savings:
                 origin             destination origin_country destination_country  distance_km  co2_savings_kg
                 Modane                 Brest F             CH                  CH       918.28          119.37
         Bruxelles Midi               Perpignan             FR                  FR       911.84          118.53
                Brest F     Bourg Saint Maurice             CH                  CH       906.02          117.79
                Quimper                  Modane             CH                  CH       877.61          114.09
                Quimper              Strasbourg             CH                  CH       876.62          113.96
   Berlin Gesundbrunnen               Paris Est             FR                  FR       876.29          113.92
                Quimper     Bourg Saint Maurice             CH                  CH       867.14          112.73
         Bruxelles Midi Marseille Saint Charles             FR                  FR       841.37          109.38
Marseille Saint Charles               Tourcoing             FR                  FR       841.20          109.35
           Lille Europe Marseille Saint Charles             CH                  CH       834.10          108.43
2026-02-28 14:31:35 [INFO] calculate_co2 - CO2 savings by country:
                route_count  co2_savings_tons
origin_country                               
FR                     1806             23.59
CH                     2059             19.73
DE                       97              5.74
AT                       85              1.12
NL                        8              0.49
HU                        4              0.29
BE                        7              0.27
GB                        1              0.05
2026-02-28 14:31:35 [INFO] calculate_co2 - CO2 savings by train type:
       route_count  co2_savings_tons
type                                
day           1366             22.30
night         2701             28.98
2026-02-28 14:31:35 [INFO] calculate_co2 - Environmental impact calculation complete
2026-02-28 14:31:35 [INFO] pipeline - Phase complete: Environmental impact calculation (0.44s)
2026-02-28 14:31:35 [INFO] pipeline - === PHASE 5: LOAD ===
2026-02-28 14:31:35 [INFO] pipeline - Starting phase: Database loading
2026-02-28 14:31:38 [INFO] load_database - Starting database loading — ObRail Europe
2026-02-28 14:31:38 [INFO] load_database - Connecting to PostgreSQL database
2026-02-28 14:31:38 [INFO] load_database - Using: postgresql://obrail_user:****@localhost:5433/obrail_db
2026-02-28 14:31:39 [INFO] load_database - Database connection successful
2026-02-28 14:31:39 [INFO] load_database - Verifying database schema
2026-02-28 14:31:39 [INFO] load_database - Found 4 tables: dim_countries, dim_train_types, dim_transport_modes, fact_routes
2026-02-28 14:31:39 [INFO] load_database - All required tables exist
2026-02-28 14:31:39 [INFO] load_database - Loading CSV data from data/transformed/environmental_impact.csv
2026-02-28 14:31:39 [INFO] load_database - Loaded 4067 rows, 17 columns
2026-02-28 14:31:39 [INFO] load_database - Preparing data for database insertion
2026-02-28 14:31:39 [INFO] load_database - Prepared 4067 valid rows
2026-02-28 14:31:39 [INFO] load_database - Updating dimension tables
2026-02-28 14:31:39 [INFO] load_database - Processed 9 countries
2026-02-28 14:31:39 [INFO] load_database - Transport modes already populated (8 modes)
2026-02-28 14:31:39 [INFO] load_database - Loading 4067 routes into fact_routes
2026-02-28 14:33:11 [INFO] load_database - Cleared existing fact_routes data
2026-02-28 14:31:43 [INFO] load_database - Inserted rows 0 to 1000
2026-02-28 14:31:45 [INFO] load_database - Inserted rows 1000 to 2000
2026-02-28 14:31:46 [INFO] load_database - Inserted rows 2000 to 3000
2026-02-28 14:33:19 [INFO] load_database - Inserted rows 3000 to 4000
2026-02-28 14:31:48 [INFO] load_database - Inserted rows 4000 to 4067
2026-02-28 14:31:48 [INFO] load_database - Successfully inserted 4067 routes
2026-02-28 14:31:48 [INFO] load_database - Validating loaded data
2026-02-28 14:31:48 [INFO] load_database - CSV rows: 4067 | Database rows: 4067
2026-02-28 14:31:48 [INFO] load_database - No NULL values in critical columns
2026-02-28 14:31:48 [INFO] load_database - Summary — 4,067 routes | 8 countries | avg distance: 96.99 km | total CO2 saved: 51,279.20 kg (51.28 t) | avg savings: 90.28%
2026-02-28 14:31:48 [INFO] load_database - Top 1: Modane → Brest F — 119.37 kg CO2 saved
2026-02-28 14:31:48 [INFO] load_database - Top 2: Bruxelles Midi → Perpignan — 118.53 kg CO2 saved
2026-02-28 14:31:48 [INFO] load_database - Top 3: Brest F → Bourg Saint Maurice — 117.79 kg CO2 saved
2026-02-28 14:31:48 [INFO] load_database - Top 4: Quimper → Modane — 114.09 kg CO2 saved
2026-02-28 14:31:48 [INFO] load_database - Top 5: Quimper → Strasbourg — 113.96 kg CO2 saved
2026-02-28 14:31:48 [INFO] load_database - Database loading complete
2026-02-28 14:31:48 [INFO] load_database - Database connection closed
2026-02-28 14:31:48 [INFO] pipeline - Phase complete: Database loading (12.38s)
2026-02-28 14:31:48 [INFO] pipeline - === PIPELINE SUMMARY ===
2026-02-28 14:31:48 [INFO] pipeline - Output OK: data/extracted/day_routes.csv (246.3 KB)
2026-02-28 14:31:48 [INFO] pipeline - Output OK: data/extracted/night_routes.csv (366.8 KB)
2026-02-28 14:31:48 [INFO] pipeline - Output OK: data/transformed/day_routes_cleaned.csv (259.8 KB)
2026-02-28 14:31:48 [INFO] pipeline - Output OK: data/transformed/night_routes_cleaned.csv (222.6 KB)
2026-02-28 14:31:48 [INFO] pipeline - Output OK: data/transformed/all_routes_cleaned.csv (334.0 KB)
2026-02-28 14:31:48 [INFO] pipeline - Output OK: data/transformed/emissions_reference.csv (0.3 KB)
2026-02-28 14:31:48 [INFO] pipeline - Output OK: data/transformed/emissions_summary.csv (0.2 KB)
2026-02-28 14:31:48 [INFO] pipeline - Output OK: data/transformed/environmental_impact.csv (561.9 KB)
2026-02-28 14:31:48 [INFO] pipeline - Pipeline complete — total time: 364.19s (6.1 min)
2026-02-28 14:31:48 [INFO] py4j.clientserver - Closing down clientserver connection
2026-02-28 14:40:21 [INFO] pipeline - ObRail Europe ETL pipeline started — 2026-02-28 14:40:21
2026-02-28 14:40:21 [INFO] pipeline - === PHASE 1: EXTRACT ===
2026-02-28 14:40:21 [INFO] pipeline - Starting: Night routes extraction
2026-02-28 14:40:26 [INFO] night_trains - Starting GTFS Night Routes Extraction with PySpark
2026-02-28 14:41:13 [INFO] night_trains - Processing folder: data/raw/night/Switzerland/
2026-02-28 14:42:05 [INFO] night_trains - Extracted 110234 routes from data/raw/night/Switzerland/
2026-02-28 14:42:05 [INFO] night_trains - Processing folder: data/raw/night/long_distance/
2026-02-28 14:42:13 [WARNING] night_trains - 4285 routes with unresolved country in data/raw/night/long_distance/
2026-02-28 14:42:17 [INFO] night_trains - Extracted 6063 routes from data/raw/night/long_distance/
2026-02-28 14:42:17 [INFO] night_trains - Processing folder: data/raw/night/sncf-data/
2026-02-28 14:42:38 [INFO] night_trains - Extracted 51977 routes from data/raw/night/sncf-data/
2026-02-28 14:42:38 [INFO] night_trains - Processing folder: data/raw/night/open_data/
2026-02-28 14:42:45 [WARNING] night_trains - 12647 routes with unresolved country in data/raw/night/open_data/
2026-02-28 14:42:50 [INFO] night_trains - Extracted 15165 routes from data/raw/night/open_data/
2026-02-28 14:42:50 [INFO] night_trains - Processing folder: data/raw/night/long_distance_rail/
2026-02-28 14:44:28 [WARNING] night_trains - 2692 routes with unresolved country in data/raw/night/long_distance_rail/
2026-02-28 14:43:00 [INFO] night_trains - Extracted 4178 routes from data/raw/night/long_distance_rail/
2026-02-28 14:43:15 [INFO] night_trains - Combined routes before deduplication: 187617
2026-02-28 14:43:34 [INFO] night_trains - Final routes after deduplication: 4370
2026-02-28 14:45:28 [INFO] night_trains - Night routes CSV saved: data/extracted/night_routes.csv (4370 routes)
2026-02-28 14:44:28 [INFO] night_trains - Spark session finished
2026-02-28 14:44:28 [INFO] pipeline - Done: Night routes extraction (246.51s)
2026-02-28 14:44:28 [INFO] pipeline - Starting: Day routes extraction
2026-02-28 14:44:28 [INFO] day_trains - Starting GTFS Day Routes Extraction with PySpark
2026-02-28 14:44:28 [INFO] day_trains - Processing folder: data/raw/day/Denmark/
2026-02-28 14:44:29 [WARNING] day_trains - Skipping data/raw/day/Denmark/ — no stop_times.txt and no start/end stop columns in trips.txt
2026-02-28 14:44:29 [WARNING] day_trains - No routes extracted from data/raw/day/Denmark/
2026-02-28 14:44:29 [INFO] day_trains - Processing folder: data/raw/day/Eurostar_international/
2026-02-28 14:44:42 [INFO] day_trains - Extracted 10289 routes from data/raw/day/Eurostar_international/
2026-02-28 14:44:42 [INFO] day_trains - Processing folder: data/raw/day/France/
2026-02-28 14:44:53 [INFO] day_trains - Extracted 41264 routes from data/raw/day/France/
2026-02-28 14:44:53 [INFO] day_trains - Processing folder: data/raw/day/Germany/
2026-02-28 14:44:54 [WARNING] day_trains - Skipping data/raw/day/Germany/ — no stop_times.txt and no start/end stop columns in trips.txt
2026-02-28 14:44:54 [WARNING] day_trains - No routes extracted from data/raw/day/Germany/
2026-02-28 14:44:54 [INFO] day_trains - Processing folder: data/raw/day/Switzerland/
2026-02-28 14:45:09 [INFO] day_trains - Extracted 110234 routes from data/raw/day/Switzerland/
2026-02-28 14:45:15 [INFO] day_trains - Combined routes before deduplication: 161787
2026-02-28 14:45:25 [INFO] day_trains - Final routes after deduplication: 3439
2026-02-28 14:45:37 [INFO] day_trains - Day routes CSV saved: data/extracted/day_routes.csv (3439 routes)
2026-02-28 14:45:59 [INFO] day_trains - Spark session finished
2026-02-28 14:45:59 [INFO] pipeline - Done: Day routes extraction (91.70s)
2026-02-28 14:45:59 [INFO] pipeline - === PHASE 2: CO2 REFERENCE ===
2026-02-28 14:45:59 [INFO] pipeline - Starting: CO2 reference extraction
2026-02-28 14:45:59 [INFO] emissions - Starting Back-on-Track data extraction
2026-02-28 14:45:59 [INFO] emissions - Found input file: data/raw/co2/Emissions.ods
2026-02-28 14:45:59 [INFO] emissions - Extracting CO2 emissions by transport mode
2026-02-28 14:47:43 [INFO] emissions - Extracted 6 transport modes
2026-02-28 14:47:43 [INFO] emissions - Saved: data/transformed/emissions_reference.csv
2026-02-28 14:47:43 [INFO] emissions - Creating summary statistics
2026-02-28 14:47:43 [INFO] emissions - Summary statistics created for 6 transport modes
2026-02-28 14:47:43 [INFO] emissions - Saved: data/transformed/emissions_summary.csv
2026-02-28 14:47:43 [INFO] emissions - Extracting flight routes sample (n=50)
2026-02-28 14:46:26 [WARNING] emissions - Could not extract flight routes: "None of [Index(['1stCity', '2ndCity', 'PAX', 'Distance', 'TrainTime',\n       'AviationEmissions', 'NightTrain'],\n      dtype='str')] are in the [columns]" — skipping
2026-02-28 14:46:26 [INFO] emissions - Night Train: 14 gCO2/pkm | Airplane: 144 gCO2/pkm | Savings: 90.3%
2026-02-28 14:46:26 [INFO] emissions - Back-on-Track extraction complete
2026-02-28 14:46:26 [INFO] pipeline - Done: CO2 reference extraction (26.86s)
2026-02-28 14:46:26 [INFO] pipeline - === PHASE 3: TRANSFORM ===
2026-02-28 14:46:26 [INFO] pipeline - Starting: Routes cleaning and transformation
2026-02-28 14:46:26 [INFO] clean_routes - Starting transformation phase — cleaning and standardizing routes
2026-02-28 14:46:26 [INFO] clean_routes - Processing night routes
2026-02-28 14:46:27 [INFO] clean_routes - Night routes after filtering nulls: 2717
2026-02-28 14:46:35 [INFO] clean_routes - Saved: data/transformed/night_routes_cleaned.csv
2026-02-28 14:46:35 [INFO] clean_routes - Processing day routes
2026-02-28 14:46:36 [INFO] clean_routes - Day routes after filtering nulls: 3439
2026-02-28 14:46:38 [INFO] clean_routes - Saved: data/transformed/day_routes_cleaned.csv
2026-02-28 14:46:38 [INFO] clean_routes - Creating combined dataset
2026-02-28 14:46:39 [INFO] clean_routes - Combined routes before deduplication: 6156
2026-02-28 14:46:41 [INFO] clean_routes - After deduplication: 4067 routes (2089 duplicates removed)
2026-02-28 14:46:48 [INFO] clean_routes - Saved: data/transformed/all_routes_cleaned.csv
2026-02-28 14:46:48 [INFO] clean_routes - Route type breakdown:
2026-02-28 14:46:54 [INFO] clean_routes - Transformation phase complete
2026-02-28 14:46:54 [INFO] pipeline - Done: Routes cleaning and transformation (27.61s)
2026-02-28 14:46:54 [INFO] pipeline - === PHASE 4: ENVIRONMENTAL IMPACT ===
2026-02-28 14:46:54 [INFO] pipeline - Starting: Environmental impact calculation
2026-02-28 14:46:54 [INFO] calculate_co2 - Starting route environmental impact calculation
2026-02-28 14:46:54 [INFO] calculate_co2 - Loading CO2 emission factors from data/transformed/emissions_reference.csv
2026-02-28 14:46:54 [INFO] calculate_co2 - Emission factors loaded — Train: 14 | Plane: 144 | Car: 132 gCO2/pkm
2026-02-28 14:46:54 [INFO] calculate_co2 - Loaded 4067 routes from data/transformed/all_routes_cleaned.csv
2026-02-28 14:46:54 [INFO] calculate_co2 - Calculating environmental impact for 4067 routes
2026-02-28 14:46:54 [INFO] calculate_co2 - Emissions calculated — total CO2 savings: 51,279.20 kg (51.28 t)
2026-02-28 14:46:54 [INFO] calculate_co2 - Saved: data/transformed/environmental_impact.csv
2026-02-28 14:46:54 [INFO] calculate_co2 - Summary — 4067 routes | total savings: 51,279.20 kg | avg per route: 12.61 kg
2026-02-28 14:46:54 [INFO] calculate_co2 - Top 10 routes by CO2 savings:
                 origin             destination origin_country destination_country  distance_km  co2_savings_kg
                 Modane                 Brest F             CH                  CH       918.28          119.37
         Bruxelles Midi               Perpignan             FR                  FR       911.84          118.53
                Brest F     Bourg Saint Maurice             CH                  CH       906.02          117.79
                Quimper                  Modane             CH                  CH       877.61          114.09
                Quimper              Strasbourg             CH                  CH       876.62          113.96
   Berlin Gesundbrunnen               Paris Est             FR                  FR       876.29          113.92
                Quimper     Bourg Saint Maurice             CH                  CH       867.14          112.73
         Bruxelles Midi Marseille Saint Charles             FR                  FR       841.37          109.38
Marseille Saint Charles               Tourcoing             FR                  FR       841.20          109.35
           Lille Europe Marseille Saint Charles             CH                  CH       834.10          108.43
2026-02-28 14:46:54 [INFO] calculate_co2 - CO2 savings by country:
                route_count  co2_savings_tons
origin_country                               
FR                     1806             23.59
CH                     2059             19.73
DE                       97              5.74
AT                       85              1.12
NL                        8              0.49
HU                        4              0.29
BE                        7              0.27
GB                        1              0.05
2026-02-28 14:46:54 [INFO] calculate_co2 - CO2 savings by train type:
       route_count  co2_savings_tons
type                                
day           1366             22.30
night         2701             28.98
2026-02-28 14:46:54 [INFO] calculate_co2 - Environmental impact calculation complete
2026-02-28 14:46:54 [INFO] pipeline - Done: Environmental impact calculation (0.48s)
2026-02-28 14:46:54 [INFO] pipeline - === PHASE 5: LOAD ===
2026-02-28 14:46:54 [INFO] pipeline - Starting: Database loading
2026-02-28 14:46:56 [INFO] load_database - Starting database loading — ObRail Europe
2026-02-28 14:46:56 [INFO] load_database - Connecting to PostgreSQL database
2026-02-28 14:46:56 [INFO] load_database - Using: postgresql://obrail_user:****@localhost:5433/obrail_db
2026-02-28 14:46:58 [INFO] load_database - Database connection successful
2026-02-28 14:46:58 [INFO] load_database - Verifying database schema
2026-02-28 14:46:58 [INFO] load_database - Found 4 tables: dim_countries, dim_train_types, dim_transport_modes, fact_routes
2026-02-28 14:46:58 [INFO] load_database - All required tables exist
2026-02-28 14:46:58 [INFO] load_database - Loading CSV data from data/transformed/environmental_impact.csv
2026-02-28 14:46:58 [INFO] load_database - Loaded 4067 rows, 17 columns
2026-02-28 14:46:58 [INFO] load_database - Preparing data for database insertion
2026-02-28 14:46:58 [INFO] load_database - Prepared 4067 valid rows
2026-02-28 14:46:58 [INFO] load_database - Updating dimension tables
2026-02-28 14:46:58 [INFO] load_database - Processed 9 countries
2026-02-28 14:46:58 [INFO] load_database - Transport modes already populated (8 modes)
2026-02-28 14:46:58 [INFO] load_database - Loading 4067 routes into fact_routes
2026-02-28 14:46:58 [INFO] load_database - Cleared existing fact_routes data
2026-02-28 14:47:02 [INFO] load_database - Inserted rows 0 to 1000
2026-02-28 14:47:04 [INFO] load_database - Inserted rows 1000 to 2000
2026-02-28 14:47:06 [INFO] load_database - Inserted rows 2000 to 3000
2026-02-28 14:47:08 [INFO] load_database - Inserted rows 3000 to 4000
2026-02-28 14:47:08 [INFO] load_database - Inserted rows 4000 to 4067
2026-02-28 14:47:08 [INFO] load_database - Successfully inserted 4067 routes
2026-02-28 14:47:08 [INFO] load_database - Validating loaded data
2026-02-28 14:47:08 [INFO] load_database - CSV rows: 4067 | Database rows: 4067
2026-02-28 14:47:08 [INFO] load_database - No NULL values in critical columns
2026-02-28 14:47:08 [INFO] load_database - Summary — 4,067 routes | 8 countries | avg distance: 96.99 km | total CO2 saved: 51,279.20 kg (51.28 t) | avg savings: 90.28%
2026-02-28 14:47:08 [INFO] load_database - Top 1: Modane → Brest F — 119.37 kg CO2 saved
2026-02-28 14:47:08 [INFO] load_database - Top 2: Bruxelles Midi → Perpignan — 118.53 kg CO2 saved
2026-02-28 14:47:08 [INFO] load_database - Top 3: Brest F → Bourg Saint Maurice — 117.79 kg CO2 saved
2026-02-28 14:47:08 [INFO] load_database - Top 4: Quimper → Modane — 114.09 kg CO2 saved
2026-02-28 14:47:08 [INFO] load_database - Top 5: Quimper → Strasbourg — 113.96 kg CO2 saved
2026-02-28 14:47:08 [INFO] load_database - Database loading complete
2026-02-28 14:47:08 [INFO] load_database - Database connection closed
2026-02-28 14:47:08 [INFO] pipeline - Done: Database loading (13.55s)
2026-02-28 14:47:08 [INFO] pipeline - === PIPELINE SUMMARY ===
2026-02-28 14:47:08 [INFO] pipeline - OK: data/extracted/day_routes.csv (246.3 KB)
2026-02-28 14:47:08 [INFO] pipeline - OK: data/extracted/night_routes.csv (366.8 KB)
2026-02-28 14:47:08 [INFO] pipeline - OK: data/transformed/day_routes_cleaned.csv (259.8 KB)
2026-02-28 14:47:08 [INFO] pipeline - OK: data/transformed/night_routes_cleaned.csv (222.6 KB)
2026-02-28 14:47:08 [INFO] pipeline - OK: data/transformed/all_routes_cleaned.csv (334.0 KB)
2026-02-28 14:47:08 [INFO] pipeline - OK: data/transformed/emissions_reference.csv (0.3 KB)
2026-02-28 14:47:08 [INFO] pipeline - OK: data/transformed/emissions_summary.csv (0.2 KB)
2026-02-28 14:47:08 [INFO] pipeline - OK: data/transformed/environmental_impact.csv (561.9 KB)
2026-02-28 14:47:08 [INFO] pipeline - Pipeline complete — 406.91s (6.8 min)
2026-02-28 14:47:08 [INFO] py4j.clientserver - Closing down clientserver connection
